./travis/test/bcd.asm:9: warning: packed BCD truncated to 18 digits
./travis/test/bcd.asm:20: warning: packed BCD truncated to 18 digits
