nasm:fatal: no input file specified
type `nasm -h' for help