./travis/test/macro-defaults.asm:4: warning: too many default macro parameters in macro `mmac_fix' [-w+macro-defaults]
./travis/test/macro-defaults.asm:9: warning: (mmac_fix:3) 2 one a  [-w+user]
./travis/test/macro-defaults.asm:7: ... from macro `mmac_fix' defined here [-w+user]
./travis/test/macro-defaults.asm:11: warning: too many default macro parameters in macro `mmac_var' [-w+macro-defaults]
./travis/test/macro-defaults.asm:16: warning: (mmac_var:3) 3 one a b  [-w+user]
./travis/test/macro-defaults.asm:14: ... from macro `mmac_var' defined here [-w+user]
./travis/test/macro-defaults.asm:17: warning: (mmac_var:3) 3 one two b  [-w+user]
./travis/test/macro-defaults.asm:14: ... from macro `mmac_var' defined here [-w+user]
./travis/test/macro-defaults.asm:27: warning: (mmac_plus:5) 2 one a,b  [-w+user]
./travis/test/macro-defaults.asm:24: ... from macro `mmac_plus' defined here [-w+user]
./travis/test/macro-defaults.asm:28: warning: (mmac_plus:5) 2 one two  [-w+user]
./travis/test/macro-defaults.asm:24: ... from macro `mmac_plus' defined here [-w+user]
./travis/test/macro-defaults.asm:29: warning: (mmac_plus:5) 2 one two,three  [-w+user]
./travis/test/macro-defaults.asm:24: ... from macro `mmac_plus' defined here [-w+user]
./travis/test/macro-defaults.asm:37: warning: (mmac_star:4) 3 one a b  [-w+user]
./travis/test/macro-defaults.asm:35: ... from macro `mmac_star' defined here [-w+user]
./travis/test/macro-defaults.asm:38: warning: (mmac_star:4) 3 one two b  [-w+user]
./travis/test/macro-defaults.asm:35: ... from macro `mmac_star' defined here [-w+user]
./travis/test/macro-defaults.asm:39: warning: (mmac_star:4) 3 one two three  [-w+user]
./travis/test/macro-defaults.asm:35: ... from macro `mmac_star' defined here [-w+user]
./travis/test/macro-defaults.asm:47: warning: (mmac_rotate:1) 2 a b  [-w+user]
./travis/test/macro-defaults.asm:42: ... from macro `mmac_rotate' defined here [-w+user]
./travis/test/macro-defaults.asm:47: warning: (mmac_rotate:4) 2 b a  [-w+user]
./travis/test/macro-defaults.asm:45: ... from macro `mmac_rotate' defined here [-w+user]
./travis/test/macro-defaults.asm:48: warning: (mmac_rotate:1) 2 one b  [-w+user]
./travis/test/macro-defaults.asm:42: ... from macro `mmac_rotate' defined here [-w+user]
./travis/test/macro-defaults.asm:48: warning: (mmac_rotate:4) 2 b one  [-w+user]
./travis/test/macro-defaults.asm:45: ... from macro `mmac_rotate' defined here [-w+user]
./travis/test/macro-defaults.asm:49: warning: (mmac_rotate:1) 2 one two  [-w+user]
./travis/test/macro-defaults.asm:42: ... from macro `mmac_rotate' defined here [-w+user]
./travis/test/macro-defaults.asm:49: warning: (mmac_rotate:4) 2 two one  [-w+user]
./travis/test/macro-defaults.asm:45: ... from macro `mmac_rotate' defined here [-w+user]
./travis/test/macro-defaults.asm:50: warning: (mmac_rotate:1) 3 one two three  [-w+user]
./travis/test/macro-defaults.asm:42: ... from macro `mmac_rotate' defined here [-w+user]
./travis/test/macro-defaults.asm:50: warning: (mmac_rotate:4) 3 two three one  [-w+user]
./travis/test/macro-defaults.asm:45: ... from macro `mmac_rotate' defined here [-w+user]
./travis/test/macro-defaults.asm:57: warning: too many default macro parameters in macro `mmac_scope' [-w+macro-defaults]
./travis/test/macro-defaults.asm:64: warning: (mmac_scope:1) 0 0 0  [-w+user]
./travis/test/macro-defaults.asm:58: ... from macro `mmac_scope' defined here [-w+user]