./travis/test/pushseg.asm:17: warning: obsolete instruction invalid on the target CPU [-w+obsolete]
