./travis/test/warnstack.asm:1: warning: Good warning [-w+user]
./travis/test/warnstack.asm:4: warning: Bad warning [-w+user]
./travis/test/warnstack.asm:6: warning: Good warning [-w+user]
./travis/test/warnstack.asm:8: warning: Bad warning [-w+user]
./travis/test/warnstack.asm:10: warning: Good warning [-w+user]